14:48:03 **** Incremental Build of configuration Debug for project Bai1 ****
make -j8 all 
arm-none-eabi-gcc "../Core/Src/main.c" -mcpu=cortex-m4 -std=gnu11 -g3 -DDEBUG -DUSE_HAL_DRIVER -DSTM32F407xx -c -I../Core/Inc -I../Drivers/STM32F4xx_HAL_Driver/Inc -I../Drivers/STM32F4xx_HAL_Driver/Inc/Legacy -I../Drivers/CMSIS/Device/ST/STM32F4xx/Include -I../Drivers/CMSIS/Include -O0 -ffunction-sections -fdata-sections -Wall -fstack-usage -MMD -MP -MF"Core/Src/main.d" -MT"Core/Src/main.o" --specs=nano.specs -mfpu=fpv4-sp-d16 -mfloat-abi=hard -mthumb -o "Core/Src/main.o"
arm-none-eabi-gcc -o "Bai1.elf" @"objects.list"   -mcpu=cortex-m4 -T"D:\BKU\HT_Nhung\LAB2_3\Bai1\STM32F407ZGTX_FLASH.ld" --specs=nosys.specs -Wl,-Map="Bai1.map" -Wl,--gc-sections -static --specs=nano.specs -mfpu=fpv4-sp-d16 -mfloat-abi=hard -mthumb -Wl,--start-group -lc -lm -Wl,--end-group
Finished building target: Bai1.elf
 
arm-none-eabi-size   Bai1.elf 
arm-none-eabi-objdump -h -S  Bai1.elf  > "Bai1.list"
arm-none-eabi-objcopy  -O binary  Bai1.elf  "Bai1.bin"
   text	   data	    bss	    dec	    hex	filename
  11108	     36	   1740	  12884	   3254	Bai1.elf
Finished building: default.size.stdout
 
Finished building: Bai1.bin
 
Finished building: Bai1.list
 
